// Jest Snapshot v1, https://goo.gl/fbAQLP

exports[`Pruebas en LoginScreen debe de mostar correctamente 1`] = `
<div
  className="container mt-5"
>
  <h1>
    Login
  </h1>
  <hr />
  <button
    className="btn btn-success"
    onClick={[Function]}
  >
    Login
  </button>
</div>
`;
